     VMA      LMA     Size Align Out     In      Symbol
       0        0 80200000     1 . = 0x80200000
80200000 80200000      238     2 .text
80200000 80200000        e     2         /tmp/kernel-af884c.o:(.text.boot)
80200000 80200000        0     1                 
80200000 80200000        0     1                 
80200000 80200000        0     1                 $x.1
80200000 80200000        0     1                 
80200000 80200000        e     1                 boot
8020000e 8020000e        0     1                 
8020000e 8020000e        0     1                 
8020000e 8020000e       84     2         /tmp/kernel-af884c.o:(.text)
8020000e 8020000e        0     1                 
8020000e 8020000e        0     1                 
8020000e 8020000e        0     1                 $x.0
8020000e 8020000e        0     1                 
8020000e 8020000e       16     1                 memset
80200012 80200012        0     1                 
80200012 80200012        0     1                 
80200014 80200014        0     1                 
80200014 80200014        0     1                 .LBB0_2
80200014 80200014        0     1                 
80200018 80200018        0     1                 
80200018 80200018        0     1                 
8020001c 8020001c        0     1                 
8020001e 8020001e        0     1                 
8020001e 8020001e        0     1                 
80200022 80200022        0     1                 .LBB0_3
80200022 80200022        0     1                 
80200022 80200022        0     1                 
80200024 80200024        0     1                 
80200024 80200024        0     1                 
80200024 80200024        0     1                 
80200024 80200024        0     1                 
80200024 80200024        0     1                 
80200024 80200024        6     1                 sbi_call
80200028 80200028        0     1                 
80200028 80200028        0     1                 
8020002a 8020002a        0     1                 
8020002a 8020002a        0     1                 
8020002a 8020002a        0     1                 
8020002a 8020002a       14     1                 putchar
8020003c 8020003c        0     1                 
8020003c 8020003c        0     1                 
8020003e 8020003e        0     1                 
8020003e 8020003e        0     1                 
8020003e 8020003e        0     1                 
8020003e 8020003e       54     1                 kernel_main
80200042 80200042        0     1                 
80200042 80200042        0     1                 
8020004a 8020004a        0     1                 
80200056 80200056        0     1                 
80200058 80200058        0     1                 
80200058 80200058        0     1                 .LBB3_1
80200058 80200058        0     1                 
8020005c 8020005c        0     1                 
8020005c 8020005c        0     1                 
80200060 80200060        0     1                 
80200062 80200062        0     1                 
80200062 80200062        0     1                 
80200066 80200066        0     1                 .LBB3_2
80200066 80200066        0     1                 
80200066 80200066        0     1                 
80200078 80200078        0     1                 
80200078 80200078        0     1                 
8020008c 8020008c        0     1                 
8020008c 8020008c        0     1                 .LBB3_3
8020008c 8020008c        0     1                 
80200090 80200090        0     1                 
80200092 80200092        0     1                 
80200092 80200092        0     1                 
80200092 80200092      1a6     2         /tmp/common-e7dc59.o:(.text)
80200092 80200092        0     1                 
80200092 80200092        0     1                 
80200092 80200092        0     1                 $x.0
80200092 80200092        0     1                 
80200092 80200092      1a6     1                 printf
802000c0 802000c0        0     1                 
802000e8 802000e8        0     1                 .LBB0_1
802000e8 802000e8        0     1                 
802000ec 802000ec        0     1                 .LBB0_2
802000ec 802000ec        0     1                 
802000ee 802000ee        0     1                 .LBB0_3
802000ee 802000ee        0     1                 
802000f2 802000f2        0     1                 
802000fa 802000fa        0     1                 .LBB0_5
802000fa 802000fa        0     1                 
802000fc 802000fc        0     1                 
802000fc 802000fc        0     1                 
802000fe 802000fe        0     1                 
80200100 80200100        0     1                 .LBB0_6
80200100 80200100        0     1                 
80200104 80200104        0     1                 
80200106 80200106        0     1                 
80200116 80200116        0     1                 
80200116 80200116        0     1                 
80200122 80200122        0     1                 
80200122 80200122        0     1                 
80200126 80200126        0     1                 
80200126 80200126        0     1                 
80200128 80200128        0     1                 
8020012e 8020012e        0     1                 .LBB0_11
8020012e 8020012e        0     1                 
8020012e 8020012e        0     1                 
80200136 80200136        0     1                 
80200136 80200136        0     1                 
80200140 80200140        0     1                 
80200140 80200140        0     1                 
80200144 80200144        0     1                 
80200144 80200144        0     1                 
80200146 80200146        0     1                 
8020014a 8020014a        0     1                 
8020014c 8020014c        0     1                 
8020014c 8020014c        0     1                 
80200152 80200152        0     1                 
80200152 80200152        0     1                 
80200154 80200154        0     1                 
80200158 80200158        0     1                 
8020015a 8020015a        0     1                 
8020015a 8020015a        0     1                 
80200160 80200160        0     1                 
80200160 80200160        0     1                 
80200162 80200162        0     1                 
80200166 80200166        0     1                 
80200168 80200168        0     1                 
80200168 80200168        0     1                 
8020016e 8020016e        0     1                 
8020016e 8020016e        0     1                 
80200170 80200170        0     1                 
80200174 80200174        0     1                 
80200176 80200176        0     1                 
80200176 80200176        0     1                 
8020017c 8020017c        0     1                 
8020017c 8020017c        0     1                 
8020017e 8020017e        0     1                 
80200182 80200182        0     1                 
80200184 80200184        0     1                 
80200184 80200184        0     1                 
8020018a 8020018a        0     1                 
8020018a 8020018a        0     1                 
8020018c 8020018c        0     1                 
80200190 80200190        0     1                 
80200192 80200192        0     1                 
80200192 80200192        0     1                 
80200198 80200198        0     1                 
80200198 80200198        0     1                 
8020019a 8020019a        0     1                 
8020019e 8020019e        0     1                 
802001a0 802001a0        0     1                 
802001a0 802001a0        0     1                 
802001a2 802001a2        0     1                 
802001a2 802001a2        0     1                 
802001a4 802001a4        0     1                 
802001a8 802001a8        0     1                 
802001a8 802001a8        0     1                 
802001aa 802001aa        0     1                 
802001aa 802001aa        0     1                 
802001ac 802001ac        0     1                 
802001ae 802001ae        0     1                 .LBB0_14
802001ae 802001ae        0     1                 
802001ae 802001ae        0     1                 
802001b8 802001b8        0     1                 
802001b8 802001b8        0     1                 
802001bc 802001bc        0     1                 
802001c2 802001c2        0     1                 
802001c2 802001c2        0     1                 .LBB0_16
802001c2 802001c2        0     1                 
802001c8 802001c8        0     1                 
802001c8 802001c8        0     1                 
802001cc 802001cc        0     1                 
802001ce 802001ce        0     1                 
802001d2 802001d2        0     1                 .LBB0_17
802001d2 802001d2        0     1                 
802001d2 802001d2        0     1                 
802001d8 802001d8        0     1                 
802001d8 802001d8        0     1                 
802001dc 802001dc        0     1                 
802001dc 802001dc        0     1                 
802001de 802001de        0     1                 
802001e2 802001e2        0     1                 .LBB0_18
802001e2 802001e2        0     1                 
802001e4 802001e4        0     1                 
802001e4 802001e4        0     1                 .LBB0_19
802001e4 802001e4        0     1                 
802001e8 802001e8        0     1                 
802001ec 802001ec        0     1                 
802001f0 802001f0        0     1                 .LBB0_20
802001f0 802001f0        0     1                 
802001f0 802001f0        0     1                 
802001f2 802001f2        0     1                 
802001f2 802001f2        0     1                 
802001f6 802001f6        0     1                 
802001fa 802001fa        0     1                 
80200200 80200200        0     1                 
80200200 80200200        0     1                 
80200208 80200208        0     1                 
8020020e 8020020e        0     1                 
8020020e 8020020e        0     1                 
80200214 80200214        0     1                 .LBB0_21
80200214 80200214        0     1                 
80200214 80200214        0     1                 
8020021a 8020021a        0     1                 .LBB0_22
8020021a 8020021a        0     1                 
8020021a 8020021a        0     1                 
8020021e 8020021e        0     1                 
80200234 80200234        0     1                 
80200238 80200238        0     1                 
80200238 80200238        0     1                 
80200238 80200238       34     4 .rodata
80200238 80200238       34     1         <internal>:(.rodata.str1.1)
8020026c 8020026c        0     4 .bss
8020026c 8020026c        0     1         __bss = .
8020026c 8020026c        0     1         __bss_end = .
8020026c 8020026c        0     1 . = ALIGN ( 4 )
8020026c 8020026c    20000     1 . += 128 * 1024
8022026c 8022026c        0     1 __stack_top = .
       0        0      2e6     1 .debug_loc
       0        0      130     1         /tmp/kernel-af884c.o:(.debug_loc)
       0        0        0     1                 
       0        0        0     1                 $d.3
      3c       3c        0     1                 
      59       59        0     1                 
      74       74        0     1                 
      8f       8f        0     1                 
      aa       aa        0     1                 
      c7       c7        0     1                 
      f8       f8        0     1                 
     113      113        0     1                 
     130      130      1b6     1         /tmp/common-e7dc59.o:(.debug_loc)
     130      130        0     1                 
     130      130        0     1                 $d.2
     14e      14e        0     1                 
     16c      16c        0     1                 
     18a      18a        0     1                 
     1cb      1cb        0     1                 
     248      248        0     1                 
     25b      25b        0     1                 
     2bb      2bb        0     1                 
       0        0      264     1 .debug_abbrev
       0        0      177     1         /tmp/kernel-af884c.o:(.debug_abbrev)
       0        0        0     1                 $d.4
     177      177       ed     1         /tmp/common-e7dc59.o:(.debug_abbrev)
     177      177        0     1                 $d.3
       0        0      561     1 .debug_info
       0        0      39d     1         /tmp/kernel-af884c.o:(.debug_info)
       0        0        0     1                 $d.5
     39d      39d      1c4     1         /tmp/common-e7dc59.o:(.debug_info)
     39d      39d        0     1                 $d.4
       0        0       30     1 .debug_ranges
       0        0       18     1         /tmp/kernel-af884c.o:(.debug_ranges)
       0        0        0     1                 
       0        0        0     1                 $d.6
      18       18       18     1         /tmp/common-e7dc59.o:(.debug_ranges)
      18       18        0     1                 
      18       18        0     1                 $d.5
       0        0      170     1 .debug_str
       0        0      170     1         <internal>:(.debug_str)
       0        0       42     1 .comment
       0        0       42     1         <internal>:(.comment)
       0        0       2b     1 .riscv.attributes
       0        0       2b     1         <internal>:(.riscv.attributes)
       0        0       b0     4 .debug_frame
       0        0       6c     4         /tmp/kernel-af884c.o:(.debug_frame)
       0        0        0     1                 
       0        0        0     1                 $d.10
      6c       6c       44     4         /tmp/common-e7dc59.o:(.debug_frame)
      6c       6c        0     1                 
      6c       6c        0     1                 $d.9
       0        0      36a     1 .debug_line
       0        0      105     1         /tmp/kernel-af884c.o:(.debug_line)
       0        0        0     1                 .Lline_table_start0
       0        0        0     1                 $d.11
     105      105      265     1         /tmp/common-e7dc59.o:(.debug_line)
     105      105        0     1                 .Lline_table_start0
     105      105        0     1                 $d.10
       0        0     1220     4 .symtab
       0        0     1220     4         <internal>:(.symtab)
       0        0       a0     1 .shstrtab
       0        0       a0     1         <internal>:(.shstrtab)
       0        0       d5     1 .strtab
       0        0       d5     1         <internal>:(.strtab)
